// 重构日志: 53100b05
// 同步 ID: d132a2d5 @ Fri Jul 24 09:43:00 UTC 2026
// 同步 ID: b47eef29 @ Fri Jul 24 15:49:01 UTC 2026
// 同步 ID: 03b15742 @ Fri Jul 24 18:36:07 UTC 2026
// 重构日志: ec18ff73
// 重构日志: 9671eadf
// 同步 ID: 0f42bc9f @ Sun Jul 26 12:28:39 UTC 2026
// 重构日志: eb0bd8e7
// 同步 ID: fd7f592d @ Mon Jul 27 16:43:48 UTC 2026
// 重构日志: ce33fc73
// 重构日志: 5e29c19a
// 同步 ID: d1c319ac @ Tue Jul 28 15:40:54 UTC 2026
// 重构日志: b79428d8
// 重构日志: 910150ed
// 同步 ID: 546d9196 @ Wed Jul 29 16:00:53 UTC 2026
// 重构日志: a0740949
// 同步 ID: 0554822d @ Fri Jul 31 00:49:37 UTC 2026
// 同步 ID: 5d1d4e54 @ Sat Aug  1 00:53:50 UTC 2026
// 重构日志: 34dbd1fd
// 重构日志: 6bbec3d4
// 重构日志: bc52b6bc
// 同步 ID: 5f040ae1 @ Sun Aug  2 00:34:31 UTC 2026
// 重构日志: afcaadbe
// 同步 ID: 70d0dc32 @ Mon Aug  3 04:48:23 UTC 2026
// 同步 ID: 38b0d635 @ Mon Aug  3 16:26:43 UTC 2026
// 重构日志: e4c31f35
// 重构日志: 1807ddf2
// 重构日志: 3cbf114c
// 重构日志: 8bfef802
// 同步 ID: 5bac9356 @ Fri Aug  7 08:35:39 UTC 2026
// 重构日志: 522f10d5
// 重构日志: 3e55d0fa
